[2026-07-31 10:52:17] Chaos Insight 0.1.0 startar
[2026-07-31 10:52:17] Core Engine initierad
[2026-07-31 10:52:17] Starttid: 2026-07-31 10:52:17
[2026-07-31 10:52:17] Status: OK
[2026-08-01 00:27:33] Configuration loaded
[2026-08-01 00:27:33] Chaos Insight 0.2.0 startar
[2026-08-01 00:27:33] Core Engine initierad
[2026-08-01 00:27:33] Starttid: 2026-08-01 00:27:33
[2026-08-01 00:27:33] Status: OK
[2026-08-01 00:28:08] Configuration loaded
[2026-08-01 00:28:08] Chaos Insight 0.2.0 startar
[2026-08-01 00:28:08] Core Engine initierad
[2026-08-01 00:28:08] Starttid: 2026-08-01 00:28:08
[2026-08-01 00:28:08] Status: OK
[2026-08-01 01:08:25] Configuration loaded
[2026-08-01 01:08:25] Knowledge loaded (0 parameters)
[2026-08-01 01:08:25] Chaos Insight 0.2.0 startar
[2026-08-01 01:08:25] Core Engine initierad
[2026-08-01 01:08:25] Starttid: 2026-08-01 01:08:25
[2026-08-01 01:08:25] Status: OK
[2026-08-01 01:11:15] Configuration loaded
[2026-08-01 01:11:15] Knowledge loaded (1 parameters)
[2026-08-01 01:11:15] Chaos Insight 0.2.0 startar
[2026-08-01 01:11:15] Core Engine initierad
[2026-08-01 01:11:15] Starttid: 2026-08-01 01:11:15
[2026-08-01 01:11:15] Status: OK
[2026-08-01 01:40:31] Configuration loaded
[2026-08-01 01:40:31] Knowledge loaded (1 parameters)
[2026-08-01 01:40:31] Chaos Insight 0.2.0 startar
[2026-08-01 01:40:31] Core Engine initierad
[2026-08-01 01:40:31] Starttid: 2026-08-01 01:40:31
[2026-08-01 01:40:31] Status: OK
[2026-08-01 02:30:41] Configuration loaded
[2026-08-01 02:30:41] Knowledge loaded (1 parameters)
[2026-08-01 02:30:41] Knowledge categories: 1
[2026-08-01 02:30:41] Chaos Insight 0.2.1 startar
[2026-08-01 02:30:41] Core Engine initierad
[2026-08-01 02:30:41] Starttid: 2026-08-01 02:30:41
[2026-08-01 02:30:41] Status: OK
[2026-08-01 04:24:37] Configuration loaded
[2026-08-01 04:24:37] Knowledge loaded (1 parameters)
[2026-08-01 04:24:37] Knowledge categories: 1
[2026-08-01 04:24:37] Chaos Insight 0.2.1 startar
[2026-08-01 04:24:37] Core Engine initierad
[2026-08-01 04:24:37] Starttid: 2026-08-01 04:24:37
[2026-08-01 04:24:37] Status: OK
